// Vitest Snapshot v1, https://vitest.dev/guide/snapshot.html

exports[`renders SearchContainer 1`] = `
<DocumentFragment>
  <style
    data-mantine-styles="true"
  >
    :root{--mantine-font-family: Poppins, Roboto, Helvetica, Arial, sans-serif, Apple Color Emoji, Segoe UI Emoji;--mantine-font-family-headings: Poppins, Roboto, Helvetica, Arial, sans-serif, Apple Color Emoji, Segoe UI Emoji;--mantine-breakpoint-xs: 30em;--mantine-breakpoint-md: 64em;--mantine-breakpoint-xl: 90em;--mantine-breakpoint-xxs: 24em;}
  </style>
  <style
    data-mantine-styles="classes"
  >
    @media (max-width: 29.99375em) {.mantine-visible-from-xs {display: none !important;}}@media (min-width: 30em) {.mantine-hidden-from-xs {display: none !important;}}@media (max-width: 47.99375em) {.mantine-visible-from-sm {display: none !important;}}@media (min-width: 48em) {.mantine-hidden-from-sm {display: none !important;}}@media (max-width: 63.99375em) {.mantine-visible-from-md {display: none !important;}}@media (min-width: 64em) {.mantine-hidden-from-md {display: none !important;}}@media (max-width: 74.99375em) {.mantine-visible-from-lg {display: none !important;}}@media (min-width: 75em) {.mantine-hidden-from-lg {display: none !important;}}@media (max-width: 89.99375em) {.mantine-visible-from-xl {display: none !important;}}@media (min-width: 90em) {.mantine-hidden-from-xl {display: none !important;}}@media (max-width: 23.99375em) {.mantine-visible-from-xxs {display: none !important;}}@media (min-width: 24em) {.mantine-hidden-from-xxs {display: none !important;}}
  </style>
  <div
    class="m_8bffd616 mantine-Flex-root __m__-r0"
    style="justify-content: center; margin-block: calc(0.625rem * var(--mantine-scale));"
  >
    <div
      class="m_46b77525 mantine-InputWrapper-root mantine-TextInput-root"
    >
      <div
        class="m_6c018570 mantine-Input-wrapper mantine-TextInput-wrapper"
        data-variant="default"
        data-with-left-section="true"
        data-with-right-section="true"
      >
        <div
          class="m_82577fc2 mantine-Input-section mantine-TextInput-section"
          data-position="left"
        >
          <svg
            class="tabler-icon tabler-icon-search "
            fill="none"
            height="24"
            stroke="currentColor"
            stroke-linecap="round"
            stroke-linejoin="round"
            stroke-width="2"
            viewBox="0 0 24 24"
            width="24"
            xmlns="http://www.w3.org/2000/svg"
          >
            <path
              d="M10 10m-7 0a7 7 0 1 0 14 0a7 7 0 1 0 -14 0"
            />
            <path
              d="M21 21l-6 -6"
            />
          </svg>
        </div>
        <input
          aria-invalid="false"
          class="m_8fb7ebe7 mantine-Input-input mantine-TextInput-input"
          data-variant="default"
          id="mantine-hsesk81dp"
          placeholder="Search for books"
          value=""
        />
        <div
          class="m_82577fc2 mantine-Input-section mantine-TextInput-section"
          data-position="right"
        >
          <button
            class="mantine-focus-auto mantine-active m_8d3f4000 mantine-ActionIcon-root m_87cf2631 mantine-UnstyledButton-root"
            data-variant="filled"
            style="--ai-bg: var(--mantine-color-gray-filled); --ai-hover: var(--mantine-color-gray-filled-hover); --ai-color: var(--mantine-color-white); --ai-bd: calc(0.0625rem * var(--mantine-scale)) solid transparent;"
            type="button"
          >
            <span
              class="m_8d3afb97 mantine-ActionIcon-icon"
            >
              <svg
                class="tabler-icon tabler-icon-arrow-right "
                fill="none"
                height="24"
                stroke="currentColor"
                stroke-linecap="round"
                stroke-linejoin="round"
                stroke-width="2"
                viewBox="0 0 24 24"
                width="24"
                xmlns="http://www.w3.org/2000/svg"
              >
                <path
                  d="M5 12l14 0"
                />
                <path
                  d="M13 18l6 -6"
                />
                <path
                  d="M13 6l6 6"
                />
              </svg>
            </span>
          </button>
        </div>
      </div>
    </div>
    <button
      class="mantine-focus-auto mantine-active m_8d3f4000 mantine-ActionIcon-root m_87cf2631 mantine-UnstyledButton-root"
      data-size="input-sm"
      style="--ai-size: var(--ai-size-input-sm); --ai-bg: var(--mantine-color-gray-filled); --ai-hover: var(--mantine-color-gray-filled-hover); --ai-color: var(--mantine-color-white); --ai-bd: calc(0.0625rem * var(--mantine-scale)) solid transparent;"
      type="button"
    >
      <span
        class="m_8d3afb97 mantine-ActionIcon-icon"
      >
        <svg
          class="tabler-icon tabler-icon-adjustments "
          fill="none"
          height="24"
          stroke="currentColor"
          stroke-linecap="round"
          stroke-linejoin="round"
          stroke-width="2"
          viewBox="0 0 24 24"
          width="24"
          xmlns="http://www.w3.org/2000/svg"
        >
          <path
            d="M4 10a2 2 0 1 0 4 0a2 2 0 0 0 -4 0"
          />
          <path
            d="M6 4v4"
          />
          <path
            d="M6 12v8"
          />
          <path
            d="M10 16a2 2 0 1 0 4 0a2 2 0 0 0 -4 0"
          />
          <path
            d="M12 4v10"
          />
          <path
            d="M12 18v2"
          />
          <path
            d="M16 7a2 2 0 1 0 4 0a2 2 0 0 0 -4 0"
          />
          <path
            d="M18 4v1"
          />
          <path
            d="M18 9v11"
          />
        </svg>
      </span>
    </button>
  </div>
</DocumentFragment>
`;
