// Vitest Snapshot v1, https://vitest.dev/guide/snapshot.html

exports[`PaginationController > matches snapshot 1`] = `
<DocumentFragment>
  <style
    data-mantine-styles="true"
  >
    :root{--mantine-font-family: Poppins, Roboto, Helvetica, Arial, sans-serif, Apple Color Emoji, Segoe UI Emoji;--mantine-font-family-headings: Poppins, Roboto, Helvetica, Arial, sans-serif, Apple Color Emoji, Segoe UI Emoji;--mantine-breakpoint-xs: 30em;--mantine-breakpoint-md: 64em;--mantine-breakpoint-xl: 90em;--mantine-breakpoint-xxs: 24em;}
  </style>
  <style
    data-mantine-styles="classes"
  >
    @media (max-width: 29.99375em) {.mantine-visible-from-xs {display: none !important;}}@media (min-width: 30em) {.mantine-hidden-from-xs {display: none !important;}}@media (max-width: 47.99375em) {.mantine-visible-from-sm {display: none !important;}}@media (min-width: 48em) {.mantine-hidden-from-sm {display: none !important;}}@media (max-width: 63.99375em) {.mantine-visible-from-md {display: none !important;}}@media (min-width: 64em) {.mantine-hidden-from-md {display: none !important;}}@media (max-width: 74.99375em) {.mantine-visible-from-lg {display: none !important;}}@media (min-width: 75em) {.mantine-hidden-from-lg {display: none !important;}}@media (max-width: 89.99375em) {.mantine-visible-from-xl {display: none !important;}}@media (min-width: 90em) {.mantine-hidden-from-xl {display: none !important;}}@media (max-width: 23.99375em) {.mantine-visible-from-xxs {display: none !important;}}@media (min-width: 24em) {.mantine-hidden-from-xxs {display: none !important;}}
  </style>
  <div
    class="m_4451eb3a mantine-Center-root"
  >
    <div
      class="m_4addd315 mantine-Pagination-root"
      style="margin-block: var(--mantine-spacing-md);"
    >
      <div
        class="m_4081bf90 mantine-Group-root"
        style="--group-gap: calc(0.5rem * var(--mantine-scale)); --group-align: center; --group-justify: flex-start; --group-wrap: wrap;"
      >
        <button
          class="mantine-focus-auto m_326d024a mantine-Pagination-control m_87cf2631 mantine-UnstyledButton-root"
          data-disabled="true"
          disabled=""
          type="button"
        >
          <svg
            class="mantine-rotate-rtl"
            viewBox="0 0 16 16"
            xmlns="http://www.w3.org/2000/svg"
          >
            <path
              d="M7.219 8l3.3 3.3-.943.943L5.333 8l4.243-4.243.943.943-3.3 3.3z"
              fill="currentColor"
            />
          </svg>
        </button>
        <button
          aria-current="page"
          class="mantine-focus-auto mantine-active m_326d024a mantine-Pagination-control m_87cf2631 mantine-UnstyledButton-root"
          data-active="true"
          data-with-padding="true"
          type="button"
        >
          1
        </button>
        <button
          class="mantine-focus-auto mantine-active m_326d024a mantine-Pagination-control m_87cf2631 mantine-UnstyledButton-root"
          data-with-padding="true"
          type="button"
        >
          2
        </button>
        <button
          class="mantine-focus-auto mantine-active m_326d024a mantine-Pagination-control m_87cf2631 mantine-UnstyledButton-root"
          data-with-padding="true"
          type="button"
        >
          3
        </button>
        <button
          class="mantine-focus-auto mantine-active m_326d024a mantine-Pagination-control m_87cf2631 mantine-UnstyledButton-root"
          type="button"
        >
          <svg
            class="mantine-rotate-rtl"
            viewBox="0 0 16 16"
            xmlns="http://www.w3.org/2000/svg"
          >
            <path
              d="M8.781 8l-3.3-3.3.943-.943L10.667 8l-4.243 4.243-.943-.943 3.3-3.3z"
              fill="currentColor"
            />
          </svg>
        </button>
      </div>
    </div>
  </div>
</DocumentFragment>
`;
