// Vitest Snapshot v1, https://vitest.dev/guide/snapshot.html

exports[`Layout > matches snapshot 1`] = `
<DocumentFragment>
  <style
    data-mantine-styles="true"
  >
    :root{--mantine-font-family: Poppins, Roboto, Helvetica, Arial, sans-serif, Apple Color Emoji, Segoe UI Emoji;--mantine-font-family-headings: Poppins, Roboto, Helvetica, Arial, sans-serif, Apple Color Emoji, Segoe UI Emoji;--mantine-breakpoint-xs: 30em;--mantine-breakpoint-md: 64em;--mantine-breakpoint-xl: 90em;--mantine-breakpoint-xxs: 24em;}
  </style>
  <style
    data-mantine-styles="classes"
  >
    @media (max-width: 29.99375em) {.mantine-visible-from-xs {display: none !important;}}@media (min-width: 30em) {.mantine-hidden-from-xs {display: none !important;}}@media (max-width: 47.99375em) {.mantine-visible-from-sm {display: none !important;}}@media (min-width: 48em) {.mantine-hidden-from-sm {display: none !important;}}@media (max-width: 63.99375em) {.mantine-visible-from-md {display: none !important;}}@media (min-width: 64em) {.mantine-hidden-from-md {display: none !important;}}@media (max-width: 74.99375em) {.mantine-visible-from-lg {display: none !important;}}@media (min-width: 75em) {.mantine-hidden-from-lg {display: none !important;}}@media (max-width: 89.99375em) {.mantine-visible-from-xl {display: none !important;}}@media (min-width: 90em) {.mantine-hidden-from-xl {display: none !important;}}@media (max-width: 23.99375em) {.mantine-visible-from-xxs {display: none !important;}}@media (min-width: 24em) {.mantine-hidden-from-xxs {display: none !important;}}
  </style>
  <style
    data-mantine-styles="inline"
  >
    :root{--app-shell-header-height:calc(3.5rem * var(--mantine-scale));--app-shell-header-offset:calc(3.5rem * var(--mantine-scale));--app-shell-padding:var(--mantine-spacing-xl);}
  </style>
  <div
    class="m_89ab340 mantine-AppShell-root"
    data-resizing="true"
    style="--app-shell-transition-duration: 200ms; --app-shell-transition-timing-function: ease; width: calc(100vw - 0px);"
  >
    <header
      class="m_3b16f56b mantine-AppShell-header right-scroll-bar-position _header_0c8bf9"
      data-with-border="true"
      style="width: 100vw; padding-right: 0px; --app-shell-header-z-index: 100;"
    >
      <div
        class="_wrapper_c634d8 m_7485cace mantine-Container-root"
      >
        <a
          class="_logo_c634d8"
          href="/"
        >
          <img
            class="m_9e117634 mantine-Image-root"
            src="/project2/src/assets/BookVaultLogo.png"
          />
          <h3
            class="_title_c634d8 m_8a5d1357 mantine-Title-root"
            data-order="3"
            style="--title-fw: var(--mantine-h3-font-weight); --title-lh: var(--mantine-h3-line-height); --title-fz: var(--mantine-h3-font-size);"
          >
            Book Vault
          </h3>
        </a>
        <div
          class="_linksDesktop_c634d8 m_4081bf90 mantine-Group-root"
          style="--group-gap: var(--mantine-spacing-sm); --group-align: center; --group-justify: flex-start; --group-wrap: wrap;"
        >
          <a
            class="_link_c634d8"
            href="/"
          >
            HOME
          </a>
          <a
            class="_link_c634d8"
            href="/books"
          >
            BOOKS
          </a>
          <button
            aria-label="Change color theme"
            class="mantine-focus-auto mantine-active m_8d3f4000 mantine-ActionIcon-root m_87cf2631 mantine-UnstyledButton-root"
            data-size="lg"
            data-variant="default"
            style="--ai-size: var(--ai-size-lg); --ai-bg: var(--mantine-color-default); --ai-hover: var(--mantine-color-default-hover); --ai-color: var(--mantine-color-default-color); --ai-bd: calc(0.0625rem * var(--mantine-scale)) solid var(--mantine-color-default-border);"
            type="button"
          >
            <span
              class="m_8d3afb97 mantine-ActionIcon-icon"
            >
              <svg
                class="tabler-icon tabler-icon-moon "
                fill="none"
                height="24"
                stroke="currentColor"
                stroke-linecap="round"
                stroke-linejoin="round"
                stroke-width="2"
                viewBox="0 0 24 24"
                width="24"
                xmlns="http://www.w3.org/2000/svg"
              >
                <path
                  d="M12 3c.132 0 .263 0 .393 0a7.5 7.5 0 0 0 7.92 12.446a9 9 0 1 1 -8.313 -12.454z"
                />
              </svg>
            </span>
          </button>
        </div>
        <button
          class="mantine-focus-auto _burgerIcon_c634d8 m_fea6bf1a mantine-Burger-root m_87cf2631 mantine-UnstyledButton-root"
          type="button"
        >
          <div
            class="m_d4fb9cad mantine-Burger-burger"
            data-reduce-motion="true"
          />
        </button>
      </div>
    </header>
    <main
      class="m_8983817 mantine-AppShell-main _wrapper_0c8bf9"
    />
  </div>
</DocumentFragment>
`;
